<?xml version="1.0" encoding="utf-8"?><testsuites><testsuite name="pytest" errors="0" failures="0" skipped="0" tests="4" time="0.392" timestamp="2026-07-22T22:53:11.074521" hostname="ASFAN-PC"><testcase classname="app.tests.test_integration" name="test_inventory_creation_integration" time="0.013" /><testcase classname="app.tests.test_unit" name="test_health_check_unit" time="0.002" /><testcase classname="app.tests.test_unit" name="test_get_inventory_unit" time="0.002" /><testcase classname="app.tests.test_unit" name="test_add_inventory_validation_fail" time="0.002" /></testsuite></testsuites>